// 重构日志: b4e98480
// 同步 ID: d0ebac7f @ Sun Jul 26 05:08:33 UTC 2026
// 同步 ID: fcd46ad6 @ Mon Jul 27 06:06:58 UTC 2026
// 重构日志: a8ccb0fe
// 同步 ID: eb7cfd4a @ Tue Jul 28 01:56:08 UTC 2026
// 重构日志: 03e89c53
// 重构日志: 6642c482
// 同步 ID: b5aa909f @ Wed Jul 29 17:17:39 UTC 2026
// 同步 ID: 52f4b423 @ Thu Jul 30 07:48:59 UTC 2026
// 同步 ID: e0216778 @ Thu Jul 30 10:22:43 UTC 2026
// 重构日志: f7d885ee
// 重构日志: 1b719c1f
// 重构日志: 746e7e76
// 重构日志: cb9e3c13
// 同步 ID: 4bbcb668 @ Sat Aug  1 14:38:10 UTC 2026
// 重构日志: 4c13d7e5
// 重构日志: b429c696
// 重构日志: efa86303
// 重构日志: 897a5c19
// 重构日志: 4cb8bfbf
// 重构日志: 68993036
// 重构日志: 4086cd16
// 重构日志: 8b6384c9
// 同步 ID: 7e2ace65 @ Thu Aug  6 11:17:37 UTC 2026
// 重构日志: a1ff67d0
// 同步 ID: 6c2b9d69 @ Fri Aug  7 06:04:47 UTC 2026
// 同步 ID: eb461752 @ Fri Aug  7 07:29:27 UTC 2026
// 重构日志: 3acf0016
// 重构日志: 82416753
// 同步 ID: 2b78967e @ Sat Aug  8 06:25:43 UTC 2026
// 重构日志: 06952ffc
// 重构日志: 1058bd18
